[DW]: [auth]: user requested authentication.
[DW]: [auth]: authenticating user Chrono
[DW]: [auth]: user successfully authenticated.
[DW]: [lobby]: received client_header_ack.
[DW]: [lobby]: sending server_header_ack.
[DW]: [lobby]: received client_auth.
[authentication diagnostic redacted]
[authentication diagnostic redacted]
[authentication diagnostic redacted]
[authentication diagnostic redacted]
[DW] Bravo 6, going dark.
[DW]: [lobby]: sending server_auth_done.
[DW] bdAnticheat: executing task '6' (transaction ID: 1)
[DW] bdStorage: executing task '25' (transaction ID: 2)
[DW]: [bdStorage]: get publisher file: dwtaskconfig
[DW] bdPublisherVariables: executing task '1' (transaction ID: 3)
[DW]: [bdPublisherVariables]: retrieving s2/mp_tu26
[DW] bdPublisherVariables: executing task '1' (transaction ID: 4)
[DW]: [bdPublisherVariables]: retrieving s2/qos_tu26
[DW] bdDML: executing task '2' (transaction ID: 5)
[DW] bdPublisherVariables: executing task '1' (transaction ID: 6)
[DW]: [bdPublisherVariables]: retrieving s2/mm_game_tu26
[DW] bdPublisherVariables: executing task '1' (transaction ID: 7)
[DW]: [bdPublisherVariables]: retrieving s2/mm_hub_tu26
[DW] bdPublisherVariables: executing task '1' (transaction ID: 8)
[DW]: [bdPublisherVariables]: retrieving s2/mm_party_tu26
[HQ protocol] injected_ae_request: 214 raw bytes at s2x/dump/dw/hq_injected_ae_request_46420_0.bin
[HQ protocol] injected_ae_response: 2616 raw bytes at s2x/dump/dw/hq_injected_ae_response_46420_1.bin
[DW]: [uno]: issued an identity token.
[DW] bdReward: executing task '4' (transaction ID: 9)
[HQ protocol] reward_request: 248 raw bytes at s2x/dump/dw/hq_reward_request_46420_2.bin
[DW] bdMarketplace: executing task '132' (transaction ID: 10)
[HQ protocol] injected_ae_request: 125 raw bytes at s2x/dump/dw/hq_injected_ae_request_46420_3.bin
[HQ protocol] marketplace_132: 24 raw bytes at s2x/dump/dw/hq_marketplace_132_46420_4.bin
[HQ protocol] injected_ae_response: 1597 raw bytes at s2x/dump/dw/hq_injected_ae_response_46420_5.bin
[DW] bdMarketplace: executing task '165' (transaction ID: 11)
[HQ protocol] marketplace_165: 24 raw bytes at s2x/dump/dw/hq_marketplace_165_46420_6.bin
[DW] bdMarketplace: executing task '111' (transaction ID: 12)
[HQ protocol] marketplace_111: 40 raw bytes at s2x/dump/dw/hq_marketplace_111_46420_7.bin
[HQ marketplace] getSkusPaginated: terminal empty page 1, limit 100
[DW] bdReward: executing task '4' (transaction ID: 13)
[HQ protocol] reward_request: 152 raw bytes at s2x/dump/dw/hq_reward_request_46420_8.bin
[DW] bdMarketplace: executing task '49' (transaction ID: 14)
[HQ protocol] expired_request: 24 raw bytes at s2x/dump/dw/hq_expired_request_46420_9.bin
[DW] bdMarketplace: executing task '42' (transaction ID: 15)
[HQ protocol] marketplace_42: 24 raw bytes at s2x/dump/dw/hq_marketplace_42_46420_10.bin
[DW] bdMarketplace: executing task '60' (transaction ID: 16)
[HQ protocol] marketplace_60: 40 raw bytes at s2x/dump/dw/hq_marketplace_60_46420_11.bin
[DW] bdMarketplace: executing task '42' (transaction ID: 17)
[HQ protocol] marketplace_42: 24 raw bytes at s2x/dump/dw/hq_marketplace_42_46420_12.bin
[DW] bdMarketplace: executing task '60' (transaction ID: 18)
[HQ protocol] marketplace_60: 40 raw bytes at s2x/dump/dw/hq_marketplace_60_46420_13.bin
[DW] bdMarketplace: executing task '42' (transaction ID: 19)
[HQ protocol] marketplace_42: 24 raw bytes at s2x/dump/dw/hq_marketplace_42_46420_14.bin
[DW] bdTeams: executing task '56' (transaction ID: 20)
[DW] bdMarketplace: executing task '60' (transaction ID: 21)
[HQ protocol] marketplace_60: 40 raw bytes at s2x/dump/dw/hq_marketplace_60_46420_15.bin
[DW] bdTeams: executing task '53' (transaction ID: 22)
[DW] bdMarketplace: executing task '42' (transaction ID: 23)
[HQ protocol] marketplace_42: 24 raw bytes at s2x/dump/dw/hq_marketplace_42_46420_16.bin
[DW] bdMarketplace: executing task '60' (transaction ID: 24)
[HQ protocol] marketplace_60: 40 raw bytes at s2x/dump/dw/hq_marketplace_60_46420_17.bin
[DW] bdMarketplace: executing task '42' (transaction ID: 25)
[HQ protocol] marketplace_42: 24 raw bytes at s2x/dump/dw/hq_marketplace_42_46420_18.bin
[DW] bdMarketplace: executing task '60' (transaction ID: 26)
[HQ protocol] marketplace_60: 40 raw bytes at s2x/dump/dw/hq_marketplace_60_46420_19.bin
[DW] bdMarketplace: executing task '42' (transaction ID: 27)
[HQ protocol] marketplace_42: 24 raw bytes at s2x/dump/dw/hq_marketplace_42_46420_20.bin
[DW] bdMarketplace: executing task '60' (transaction ID: 28)
[HQ protocol] marketplace_60: 40 raw bytes at s2x/dump/dw/hq_marketplace_60_46420_21.bin
[DW] bdStorage: executing task '16' (transaction ID: 29)
[DW]: [bdStorage]: get user file: commondata
[DW]: [bdStorage]: get user file: mpdata
[DW]: [bdStorage]: get user file: zmdata
[DW]: [bdStorage]: get user file: rankedloadouts
[DW]: [bdStorage]: get user file: privateloadouts
[DW]: [bdStorage]: get user file: raiddata
[DW]: [bdStorage]: get user file: hubdata
[DW]: [bdStorage]: get user file: costumes
[DW]: [bdStorage]: get user file: leaderboarddata
[DW]: [bdStorage]: get user file: competitiveloadouts
[DW] bdStorage: executing task '25' (transaction ID: 30)
[DW]: [bdStorage]: get publisher file: playlists_tu26.aggr
[DW] bdStorage: executing task '25' (transaction ID: 31)
[DW]: [bdStorage]: missing publisher file: ffotd-2.20.1.ff
[DW]: [bdStorage]: missing publisher file: ffotd-2.20.1.ff
[DW] bdStorage: executing task '20' (transaction ID: 32)
[DW]: [bdStorage]: list publisher files: publisher_storage_surveys.csv
[DW] bdStorage: executing task '16' (transaction ID: 33)
[DW]: [bdStorage]: get user file: metplayerdata
[DW] bdTitleUtilities: executing task '6' (transaction ID: 34)
[DW] bdStorage: executing task '25' (transaction ID: 35)
[DW]: [bdStorage]: get publisher file: motd-english.txt
[DW] bdUnk: executing task '3' (transaction ID: 36)
[DW] bdProfiles: executing task '1' (transaction ID: 37)
[DW] bdMatchMaking: executing task '10' (transaction ID: 38)
[DW] bdStorage: executing task '20' (transaction ID: 39)
[DW]: [bdStorage]: list publisher files: playlists_tu26.aggr
Loading LUI script 'D:/Program Files/Steam/steamapps/common/Call of Duty WWII/s2x/ui_scripts/mp/find_match'
[DW] bdGroup: executing task '1' (transaction ID: 40)
Loading LUI script 'D:/Program Files/Steam/steamapps/common/Call of Duty WWII/s2x/ui_scripts/mp/patches'
[DW] bdStorage: executing task '20' (transaction ID: 41)
[server_list] installed Lobby server browser functions
[DW]: [bdStorage]: list publisher files: ffotd-2.20.1.ff
[DW]: [bdStorage]: missing publisher file: ffotd-2.20.1.ff
[DW] bdMarketingComms: executing task '6' (transaction ID: 42)
[HQ protocol] marketing_6: 56 raw bytes at s2x/dump/dw/hq_marketing_6_46420_22.bin
[HQ protocol] marketing_6_response: 258 raw bytes at s2x/dump/dw/hq_marketing_6_response_46420_23.bin
Loading zone mp_hub_allies_slim_load
[HQ mail] getMessages: 14 non-claimable slot(s) for 14 advertised slot(s)
[DW] bdContentStreaming: executing task '2' (transaction ID: 43)
Loading zone eng_cache_mp_hub_allies_slim_load
[DW] bdMatchMaking: executing task '19' (transaction ID: 44)
Loading zone cache_mp_hub_allies_slim_load
Loading zone cache_common_hub_mp
Loading zone eng_cache_common_hub_mp
[DW]: [uno]: issued an identity token.
Loading zone eng_common_hub_mp
Loading zone common_hub_mp
Loading zone cache_mp_hub_allies_slim
Loading zone eng_cache_mp_hub_allies_slim
Loading zone eng_mp_hub_allies_slim
[DW] bdContentStreaming: executing task '2' (transaction ID: 45)
Loading zone mp_hub_allies_slim
Loading zone cache_mp_hub_allies_slim_path
Loading zone eng_cache_mp_hub_allies_slim_path
Loading zone eng_mp_hub_allies_slim_path
Loading zone mp_hub_allies_slim_path
[HQ AE injection] task type 0xA0 rejected: not an entry of the group 0 task table
[DW] bdStorage: executing task '24' (transaction ID: 46)
[DW]: [bdStorage]: set user file: commondata
[DW] bdReward: executing task '5' (transaction ID: 47)
[HQ protocol] reward_request: 280 raw bytes at s2x/dump/dw/hq_reward_request_46420_24.bin
[HQ protocol] injected_ae_request: 214 raw bytes at s2x/dump/dw/hq_injected_ae_request_46420_25.bin
[HQ protocol] injected_ae_response: 2616 raw bytes at s2x/dump/dw/hq_injected_ae_response_46420_26.bin
[HQ protocol] injected_ae_request: 99 raw bytes at s2x/dump/dw/hq_injected_ae_request_46420_27.bin
[HQ protocol] injected_ae_response: 3910 raw bytes at s2x/dump/dw/hq_injected_ae_response_46420_28.bin
[DW] bdReward: executing task '4' (transaction ID: 48)
[HQ protocol] reward_request: 248 raw bytes at s2x/dump/dw/hq_reward_request_46420_29.bin
[DW] bdReward: executing task '4' (transaction ID: 49)
[HQ protocol] reward_request: 120 raw bytes at s2x/dump/dw/hq_reward_request_46420_30.bin
[DW] bdMarketplace: executing task '111' (transaction ID: 50)
[HQ protocol] marketplace_111: 40 raw bytes at s2x/dump/dw/hq_marketplace_111_46420_31.bin
[HQ marketplace] getSkusPaginated: terminal empty page 1, limit 100
[DW] bdMarketplace: executing task '242' (transaction ID: 51)
[HQ protocol] marketplace_242: 88 raw bytes at s2x/dump/dw/hq_marketplace_242_46420_32.bin
[HQ protocol] marketplace_242_response: 88 raw bytes at s2x/dump/dw/hq_marketplace_242_response_46420_33.bin
Unloading zone mp_hub_allies_slim_load
[HQ protocol] injected_ae_request: 125 raw bytes at s2x/dump/dw/hq_injected_ae_request_46420_34.bin
[HQ protocol] injected_ae_response: 1597 raw bytes at s2x/dump/dw/hq_injected_ae_response_46420_35.bin
[HQ AE injection] native scheduled task SUCCEEDED: 9 cached record(s), ready=1
[DW] bdReward: executing task '4' (transaction ID: 52)
[HQ native] SKU page success callback
[HQ protocol] reward_request: 152 raw bytes at s2x/dump/dw/hq_reward_request_46420_36.bin
[HQ native] SKUs fetched=1 (raw flag); use aecache for Orders
[DW] bdMarketplace: executing task '168' (transaction ID: 53)
[HQ vendor] conversion-rule native success callback
[HQ protocol] marketplace_168: 312 raw bytes at s2x/dump/dw/hq_marketplace_168_46420_37.bin
[HQ native] SKUs fetched=1 (raw flag); use aecache for Orders
[HQ protocol] marketplace_168_response: 26 raw bytes at s2x/dump/dw/hq_marketplace_168_response_46420_38.bin
[HQ vendor] Engine.Inventory_AreSKUsFetched=1; 242 requests=1 replies=1 rejected=0 (conversion rule)
[HQ vendor] allow_hub_vendor_menu=1
[HQ vendor] spv_hub_vendors_kswitch=0
[HQ vendor] spv_hub_quartermasterVendor_kswitch=0
[HQ vendor] spv_hub_payrollVendor_kswitch=0
[HQ vendor] inventoryReady=1 inventoryCount=9 dirtyMetadata=0
[HQ vendor] conversion successes=1 failures=0 responseTx=pgWdAQAAAAD4GzSYoAEAAA== scalar=0 currencyCount=0 inventoryCount=0 extraCount=0
[HQ vendor] entitlement fetched flag and final LUI enable expression unresolved
[DW] bdRichPresence: executing task '2' (transaction ID: 54)
[HQ protocol] injected_ae_request: 100 raw bytes at s2x/dump/dw/hq_injected_ae_request_46420_39.bin
[DW] bdReward: executing task '11' (transaction ID: 55)
[HQ protocol] injected_ae_response: 128 raw bytes at s2x/dump/dw/hq_injected_ae_response_46420_40.bin
[HQ event] enter_hub (enter_hub), timestamp 1789259948000000, 1 parameters
  1=1
[DW] bdProfiles: executing task '3' (transaction ID: 56)
[DW] bdReward: executing task '4' (transaction ID: 57)
[HQ protocol] reward_request: 136 raw bytes at s2x/dump/dw/hq_reward_request_46420_41.bin
[DW] bdReward: executing task '11' (transaction ID: 58)
[HQ event] enter_hub (enter_hub), timestamp 1789259948000000, 1 parameters
  1=1
[DW] bdReward: executing task '11' (transaction ID: 59)
[HQ event] enter_hub (enter_hub), timestamp 1789259948000000, 1 parameters
  1=1
[DW] bdReward: executing task '11' (transaction ID: 60)
[HQ event] enter_hub (enter_hub), timestamp 1789259948000000, 1 parameters
  1=1
[DW] bdReward: executing task '12' (transaction ID: 61)
[HQ protocol] reward_12: 88 raw bytes at s2x/dump/dw/hq_reward_12_46420_42.bin
[HQ event] picked_up_payroll (picked_up_payroll), timestamp 1789259964000000, 2 parameters
  1=1
  2=0
[DW] bdReward: executing task '12' (transaction ID: 62)
[HQ protocol] reward_12: 88 raw bytes at s2x/dump/dw/hq_reward_12_46420_43.bin
[HQ event] picked_up_payroll (picked_up_payroll), timestamp 1789259964000000, 2 parameters
  1=1
  2=0
[DW] bdReward: executing task '12' (transaction ID: 63)
[HQ protocol] reward_12: 88 raw bytes at s2x/dump/dw/hq_reward_12_46420_44.bin
[HQ event] picked_up_payroll (picked_up_payroll), timestamp 1789259964000000, 2 parameters
  1=1
  2=0
[DW] bdReward: executing task '12' (transaction ID: 64)
[HQ protocol] reward_12: 88 raw bytes at s2x/dump/dw/hq_reward_12_46420_45.bin
[HQ event] picked_up_payroll (picked_up_payroll), timestamp 1789259964000000, 2 parameters
  1=1
  2=0
[DW] bdReward: executing task '11' (transaction ID: 65)
[HQ event] enter_hub (enter_hub), timestamp 1789259948000000, 1 parameters
  1=1
[DW] bdRichPresence: executing task '1' (transaction ID: 66)
Loading LUI script 'D:/Program Files/Steam/steamapps/common/Call of Duty WWII/s2x/ui_scripts/mp/find_match'
Loading LUI script 'D:/Program Files/Steam/steamapps/common/Call of Duty WWII/s2x/ui_scripts/mp/patches'
[server_list] installed Lobby server browser functions
Unloading zone mp_hub_allies_slim_path
Unloading zone mp_hub_allies_slim
Unloading zone eng_mp_hub_allies_slim
Unloading zone common_hub_mp
Unloading zone eng_common_hub_mp
Loading LUI script 'D:/Program Files/Steam/steamapps/common/Call of Duty WWII/s2x/ui_scripts/mp/find_match'
Loading LUI script 'D:/Program Files/Steam/steamapps/common/Call of Duty WWII/s2x/ui_scripts/mp/patches'
[server_list] installed Lobby server browser functions
[DW] bdMatchMaking: executing task '1' (transaction ID: 67)
Loading zone mp_hub_allies_load
Loading zone eng_cache_mp_hub_allies_load
Loading zone cache_mp_hub_allies_load
Loading zone cache_common_hub_mp
Loading zone eng_cache_common_hub_mp
[DW] bdStorage: executing task '28' (transaction ID: 68)
Loading zone eng_common_hub_mp
[DW] bdGroup: executing task '4' (transaction ID: 69)
Loading zone common_hub_mp
Loading zone cache_mp_hub_allies
Loading zone eng_cache_mp_hub_allies
Loading zone eng_mp_hub_allies
Loading zone mp_hub_allies
[DW] bdMatchMaking: executing task '2' (transaction ID: 70)
Loading zone cache_mp_hub_allies_path
Loading zone eng_cache_mp_hub_allies_path
Loading zone eng_mp_hub_allies_path
Loading zone mp_hub_allies_path
Loading zone mp_hub_range_1_tr
Loading zone mp_hub_range_2_tr
Loading zone mp_hub_spawn_1_tr
Loading zone mp_hub_spawn_2_tr
Loading zone mp_hub_spawn_3_tr
Loading zone mp_hub_spawn_4_tr
Loading zone mp_hub_spawn_5_tr
Loading zone mp_hub_main_1_tr
Loading zone mp_hub_main_2_tr
[DW] bdReward: executing task '5' (transaction ID: 71)
[HQ protocol] reward_request: 280 raw bytes at s2x/dump/dw/hq_reward_request_46420_46.bin
[DW] bdStorage: executing task '24' (transaction ID: 72)
[DW]: [bdStorage]: set user file: commondata
[HQ protocol] injected_ae_request: 214 raw bytes at s2x/dump/dw/hq_injected_ae_request_46420_47.bin
[HQ protocol] injected_ae_response: 2616 raw bytes at s2x/dump/dw/hq_injected_ae_response_46420_48.bin
[HQ protocol] injected_ae_request: 99 raw bytes at s2x/dump/dw/hq_injected_ae_request_46420_49.bin
[DW] bdReward: executing task '4' (transaction ID: 73)
[HQ protocol] injected_ae_response: 3910 raw bytes at s2x/dump/dw/hq_injected_ae_response_46420_50.bin
[HQ protocol] reward_request: 248 raw bytes at s2x/dump/dw/hq_reward_request_46420_51.bin
[DW] bdReward: executing task '4' (transaction ID: 74)
[HQ protocol] reward_request: 120 raw bytes at s2x/dump/dw/hq_reward_request_46420_52.bin
[DW] bdMarketplace: executing task '242' (transaction ID: 75)
[HQ protocol] marketplace_242: 88 raw bytes at s2x/dump/dw/hq_marketplace_242_46420_53.bin
[HQ protocol] marketplace_242_response: 88 raw bytes at s2x/dump/dw/hq_marketplace_242_response_46420_54.bin
Unloading zone mp_hub_allies_load
[HQ protocol] injected_ae_request: 125 raw bytes at s2x/dump/dw/hq_injected_ae_request_46420_55.bin
[HQ protocol] injected_ae_response: 1605 raw bytes at s2x/dump/dw/hq_injected_ae_response_46420_56.bin
[DW] bdReward: executing task '4' (transaction ID: 76)
[HQ AE injection] native scheduled task SUCCEEDED: 9 cached record(s), ready=1
[HQ protocol] reward_request: 152 raw bytes at s2x/dump/dw/hq_reward_request_46420_57.bin
[HQ vendor] conversion-rule native success callback
[HQ native] SKUs fetched=1 (raw flag); use aecache for Orders
[HQ vendor] Engine.Inventory_AreSKUsFetched=1; 242 requests=2 replies=2 rejected=0 (conversion rule)
[HQ vendor] allow_hub_vendor_menu=1
[HQ vendor] spv_hub_vendors_kswitch=0
[HQ vendor] spv_hub_quartermasterVendor_kswitch=0
[HQ vendor] spv_hub_payrollVendor_kswitch=0
[HQ vendor] inventoryReady=1 inventoryCount=9 dirtyMetadata=0
[HQ vendor] conversion successes=2 failures=0 responseTx=pnpGBAAAAADAyzSYoAEAAA== scalar=0 currencyCount=0 inventoryCount=0 extraCount=0
[HQ vendor] entitlement fetched flag and final LUI enable expression unresolved
[HQ protocol] injected_ae_request: 100 raw bytes at s2x/dump/dw/hq_injected_ae_request_46420_58.bin
[HQ protocol] injected_ae_response: 128 raw bytes at s2x/dump/dw/hq_injected_ae_response_46420_59.bin
[DW] bdReward: executing task '4' (transaction ID: 77)
[HQ protocol] reward_request: 136 raw bytes at s2x/dump/dw/hq_reward_request_46420_60.bin
[DW] bdReward: executing task '12' (transaction ID: 78)
[HQ protocol] reward_12: 88 raw bytes at s2x/dump/dw/hq_reward_12_46420_61.bin
[HQ event] picked_up_payroll (picked_up_payroll), timestamp 1789259964000000, 2 parameters
  1=1
  2=0
[DW] bdReward: executing task '11' (transaction ID: 79)
[HQ event] enter_hub (enter_hub), timestamp 1789259992000000, 1 parameters
  1=1
[HQ protocol] injected_ae_request: 131 raw bytes at s2x/dump/dw/hq_injected_ae_request_46420_62.bin
[HQ protocol] injected_ae_response: 487 raw bytes at s2x/dump/dw/hq_injected_ae_response_46420_63.bin
[DW] bdReward: executing task '4' (transaction ID: 80)
[HQ protocol] reward_request: 152 raw bytes at s2x/dump/dw/hq_reward_request_46420_64.bin
[HQ protocol] injected_ae_request: 162 raw bytes at s2x/dump/dw/hq_injected_ae_request_46420_65.bin
[DW] bdReward: executing task '4' (transaction ID: 81)
[HQ protocol] injected_ae_response: 564 raw bytes at s2x/dump/dw/hq_injected_ae_response_46420_66.bin
[HQ protocol] reward_request: 184 raw bytes at s2x/dump/dw/hq_reward_request_46420_67.bin
[DW] bdReward: executing task '12' (transaction ID: 82)
[HQ protocol] reward_12: 88 raw bytes at s2x/dump/dw/hq_reward_12_46420_68.bin
[HQ event] picked_up_payroll (picked_up_payroll), timestamp 1789259964000000, 2 parameters
  1=1
  2=0
[DW] bdRichPresence: executing task '1' (transaction ID: 83)
[DW] bdRichPresence: executing task '2' (transaction ID: 84)
[DW] bdReward: executing task '11' (transaction ID: 85)
[HQ event] enter_hub (enter_hub), timestamp 1789259992000000, 1 parameters
  1=1
[DW] bdReward: executing task '12' (transaction ID: 86)
[HQ protocol] reward_12: 88 raw bytes at s2x/dump/dw/hq_reward_12_46420_69.bin
[HQ event] picked_up_payroll (picked_up_payroll), timestamp 1789259964000000, 2 parameters
  1=1
  2=0
[DW] bdReward: executing task '11' (transaction ID: 87)
[HQ event] enter_hub (enter_hub), timestamp 1789259992000000, 1 parameters
  1=1
[DW] bdRichPresence: executing task '1' (transaction ID: 88)
[DW] bdReward: executing task '12' (transaction ID: 89)
[HQ protocol] reward_12: 88 raw bytes at s2x/dump/dw/hq_reward_12_46420_70.bin
[HQ event] picked_up_payroll (picked_up_payroll), timestamp 1789259964000000, 2 parameters
  1=1
  2=0
[DW] bdMatchMaking: executing task '2' (transaction ID: 90)
[DW] bdRichPresence: executing task '2' (transaction ID: 91)
[DW] bdReward: executing task '11' (transaction ID: 92)
[HQ event] enter_hub (enter_hub), timestamp 1789259992000000, 1 parameters
  1=1
[DW] bdReward: executing task '12' (transaction ID: 93)
[HQ protocol] reward_12: 88 raw bytes at s2x/dump/dw/hq_reward_12_46420_71.bin
[HQ event] picked_up_payroll (picked_up_payroll), timestamp 1789259964000000, 2 parameters
  1=1
  2=0
[DW] bdRichPresence: executing task '1' (transaction ID: 94)
[DW] bdStorage: executing task '20' (transaction ID: 95)
[DW]: [bdStorage]: list publisher files: playlists_tu26.aggr
[DW] bdStorage: executing task '20' (transaction ID: 96)
[DW]: [bdStorage]: list publisher files: ffotd-2.20.1.ff
[DW]: [bdStorage]: missing publisher file: ffotd-2.20.1.ff
[DW] bdGroup: executing task '1' (transaction ID: 97)
